q1#K|q1#NK|q1#NNK|q1#JNNK|q1#JJNNK|q1#NJJNNK|q1#JNJJNNK|q1#NJNJJNNK|q2#NJNJJNNK|q2#JNJJNNK|q2#NJJNNK|q2#JJNNK|q2#JNNK|q2#NNK|q2#NK|q2#K|q3#$|1
