q1#K|q1#NK|q1#NNK|q1#NNNK|q1#NNNNK|q1#NNNNNK|q1#NNNNNNK|q1#NNNNNNNK|q1#NNNNNNNNK|q1#NNNNNNNNNK|q1#NNNNNNNNNNK|q1#NNNNNNNNNNNK|q1#NNNNNNNNNNNNK|q1#NNNNNNNNNNNNNK|q1#NNNNNNNNNNNNNNK|q1#NNNNNNNNNNNNNNNK|q1#NNNNNNNNNNNNNNNNK|q1#NNNNNNNNNNNNNNNNNK|q1#NNNNNNNNNNNNNNNNNNK|q1#NNNNNNNNNNNNNNNNNNNK|q1#NNNNNNNNNNNNNNNNNNNNK|q1#JNNNNNNNNNNNNNNNNNNNNK|q1#JJNNNNNNNNNNNNNNNNNNNNK|q1#JJJNNNNNNNNNNNNNNNNNNNNK|q1#JJJJNNNNNNNNNNNNNNNNNNNNK|q1#JJJJJNNNNNNNNNNNNNNNNNNNNK|q1#JJJJJJNNNNNNNNNNNNNNNNNNNNK|q1#JJJJJJJNNNNNNNNNNNNNNNNNNNNK|q1#JJJJJJJJNNNNNNNNNNNNNNNNNNNNK|q1#JJJJJJJJJNNNNNNNNNNNNNNNNNNNNK|q1#JJJJJJJJJJNNNNNNNNNNNNNNNNNNNNK|q1#JJJJJJJJJJJNNNNNNNNNNNNNNNNNNNNK|q1#JJJJJJJJJJJJNNNNNNNNNNNNNNNNNNNNK|q1#JJJJJJJJJJJJJNNNNNNNNNNNNNNNNNNNNK|q1#JJJJJJJJJJJJJJNNNNNNNNNNNNNNNNNNNNK|q1#JJJJJJJJJJJJJJJNNNNNNNNNNNNNNNNNNNNK|q1#JJJJJJJJJJJJJJJJNNNNNNNNNNNNNNNNNNNNK|q1#JJJJJJJJJJJJJJJJJNNNNNNNNNNNNNNNNNNNNK|q1#JJJJJJJJJJJJJJJJJJNNNNNNNNNNNNNNNNNNNNK|q1#JJJJJJJJJJJJJJJJJJJNNNNNNNNNNNNNNNNNNNNK|q1#JJJJJJJJJJJJJJJJJJJJNNNNNNNNNNNNNNNNNNNNK|q2#JJJJJJJJJJJJJJJJJJJJNNNNNNNNNNNNNNNNNNNNK|q2#JJJJJJJJJJJJJJJJJJJNNNNNNNNNNNNNNNNNNNNK|q2#JJJJJJJJJJJJJJJJJJNNNNNNNNNNNNNNNNNNNNK|q2#JJJJJJJJJJJJJJJJJNNNNNNNNNNNNNNNNNNNNK|q2#JJJJJJJJJJJJJJJJNNNNNNNNNNNNNNNNNNNNK|q2#JJJJJJJJJJJJJJJNNNNNNNNNNNNNNNNNNNNK|q2#JJJJJJJJJJJJJJNNNNNNNNNNNNNNNNNNNNK|q2#JJJJJJJJJJJJJNNNNNNNNNNNNNNNNNNNNK|q2#JJJJJJJJJJJJNNNNNNNNNNNNNNNNNNNNK|q2#JJJJJJJJJJJNNNNNNNNNNNNNNNNNNNNK|q2#JJJJJJJJJJNNNNNNNNNNNNNNNNNNNNK|q2#JJJJJJJJJNNNNNNNNNNNNNNNNNNNNK|q2#JJJJJJJJNNNNNNNNNNNNNNNNNNNNK|q2#JJJJJJJNNNNNNNNNNNNNNNNNNNNK|q2#JJJJJJNNNNNNNNNNNNNNNNNNNNK|q2#JJJJJNNNNNNNNNNNNNNNNNNNNK|q2#JJJJNNNNNNNNNNNNNNNNNNNNK|q2#JJJNNNNNNNNNNNNNNNNNNNNK|q2#JJNNNNNNNNNNNNNNNNNNNNK|q2#JNNNNNNNNNNNNNNNNNNNNK|q2#NNNNNNNNNNNNNNNNNNNNK|q2#NNNNNNNNNNNNNNNNNNNK|q2#NNNNNNNNNNNNNNNNNNK|q2#NNNNNNNNNNNNNNNNNK|q2#NNNNNNNNNNNNNNNNK|q2#NNNNNNNNNNNNNNNK|q2#NNNNNNNNNNNNNNK|q2#NNNNNNNNNNNNNK|q2#NNNNNNNNNNNNK|q2#NNNNNNNNNNNK|q2#NNNNNNNNNNK|q2#NNNNNNNNNK|q2#NNNNNNNNK|q2#NNNNNNNK|q2#NNNNNNK|q2#NNNNNK|q2#NNNNK|q2#NNNK|q2#NNK|q2#NK|q2#K|q3#$|1
