jdhg#E|uipg#C|mmnn#GO|ggqi#O|bvzz#FO|jdhg#AXAO|jdhg#QAJXAO|jdhg#AJXAO|jdhg#JXAO|uipg#GXAO|mmnn#GXAO|zvri#XAO|ggqi#AO|1
