qp1#K|q0#NK|q0#K|qp1#K|q0#JK|q0#JK|q0#JJK|q0#JK|q0#K|qp1#K|0
